2026.08.29 10:51:01.775292 [ 667427 ] {} <Information> Application: Will watch for the process with pid 58711
2026.08.29 10:51:01.775572 [ 667440 ] {} <Information> Application: Forked a child process to watch
2026.08.29 10:51:02.000892 [ 667440 ] {} <Information> Application: Starting ClickHouse 26.8.1.1650 (revision: 54513, git hash: fbf131e38da5a9de343bea351f2ea68a5ec67379, build id: 1EF2B079237C30289E34E7909BBFDFE3), PID 58711
2026.08.29 10:51:02.000950 [ 667440 ] {} <Information> Application: starting up
2026.08.29 10:51:02.000984 [ 667440 ] {} <Information> Application: OS name: Darwin, version: 25.5.0, architecture: arm64
2026.08.29 10:51:02.001061 [ 667440 ] {} <Information> Application: Available RAM: 16.00 GiB; logical cores: 10; used cores: 10.
2026.08.29 10:51:02.054329 [ 667440 ] {} <Information> StatusFile: Writing pid 58711 to /Users/shinigami/Workspace/SS/cut-point/.local-clickhouse/status
2026.08.29 10:51:02.057132 [ 667440 ] {} <Information> MemoryWorker: Starting background memory thread with period of 100ms, using Jemalloc as source, purging dirty pages enabled (total memory threshold ratio: 0.9, dirty pages threshold ratio: 0.2, page size: 16384)
2026.08.29 10:51:02.057172 [ 667440 ] {} <Information> BackgroundSchedulePool/BgSchPool: Create BackgroundSchedulePool with 16 initial threads (grows lazily up to 512)
2026.08.29 10:51:02.057256 [ 667454 ] {} <Information> MemoryWorker: Default dirty pages decay period: 5000ms
2026.08.29 10:51:02.057542 [ 667440 ] {} <Warning> Context: Maximum number of threads is lower than 30000. There could be problems with handling a lot of simultaneous queries.
2026.08.29 10:51:02.057738 [ 667440 ] {} <Information> UserDefinedSQLObjectsLoaderFromDisk: Loading user defined objects from /Users/shinigami/Workspace/SS/cut-point/.local-clickhouse/user_defined/
2026.08.29 10:51:02.063201 [ 667440 ] {} <Information> DNSCacheUpdater: Update period 15 seconds
2026.08.29 10:51:02.065391 [ 667440 ] {} <Information> Application: Changed setting 'max_server_memory_usage' to 8.00 GiB (16.00 GiB available memory * 0.50 max_server_memory_usage_to_ram_ratio)
2026.08.29 10:51:02.065400 [ 667440 ] {} <Information> Application: Setting merges_mutations_memory_usage_soft_limit was set to 8.00 GiB (16.00 GiB available * 0.50 merges_mutations_memory_usage_to_ram_ratio)
2026.08.29 10:51:02.065401 [ 667440 ] {} <Information> Application: Merges and mutations memory limit is set to 8.00 GiB
2026.08.29 10:51:02.065510 [ 667440 ] {} <Information> Application: Setting max_remote_read_network_bandwidth_for_server was set to 0
2026.08.29 10:51:02.065511 [ 667440 ] {} <Information> Application: Setting max_remote_write_network_bandwidth_for_server was set to 0
2026.08.29 10:51:02.065512 [ 667440 ] {} <Information> Application: Setting max_local_read_bandwidth_for_server was set to 0
2026.08.29 10:51:02.065512 [ 667440 ] {} <Information> Application: Setting max_local_write_bandwidth_for_server was set to 0
2026.08.29 10:51:02.065516 [ 667440 ] {} <Information> Application: Setting max_remote_read_connections was set to 1000
2026.08.29 10:51:02.065520 [ 667440 ] {} <Information> Application: ConcurrencyControl limit is set to 20 CPU slots with 'max_min_fair' scheduler
2026.08.29 10:51:02.065525 [ 667440 ] {} <Information> BackgroundSchedulePool/BgBufSchPool: Create BackgroundSchedulePool with 16 initial threads (grows lazily up to 16)
2026.08.29 10:51:02.065768 [ 667440 ] {} <Information> BackgroundSchedulePool/BgMBSchPool: Create BackgroundSchedulePool with 16 initial threads (grows lazily up to 16)
2026.08.29 10:51:02.066042 [ 667440 ] {} <Information> BackgroundSchedulePool/BgDistSchPool: Create BackgroundSchedulePool with 16 initial threads (grows lazily up to 16)
2026.08.29 10:51:02.066287 [ 667440 ] {} <Information> BackgroundSchedulePool/BgStrmSchPool: Create BackgroundSchedulePool with 16 initial threads (grows lazily up to 16)
2026.08.29 10:51:02.066591 [ 667440 ] {} <Information> WorkloadEntityDiskStorage: Loading workload entities from /Users/shinigami/Workspace/SS/cut-point/.local-clickhouse/workload/
2026.08.29 10:51:02.066735 [ 667440 ] {} <Information> CertificateReloader: One of paths is empty. Cannot apply new configuration for certificates. Fill all paths and try again.
2026.08.29 10:51:02.066737 [ 667440 ] {} <Information> CertificateReloader: One of paths is empty. Cannot apply new configuration for certificates. Fill all paths and try again.
2026.08.29 10:51:02.070819 [ 667440 ] {} <Information> Application: Shutting down storages.
2026.08.29 10:51:02.071315 [ 667440 ] {} <Information> Application: Waiting for background threads
2026.08.29 10:51:02.072389 [ 667440 ] {} <Information> Application: Background threads finished in 1 ms
2026.08.29 10:51:02.072618 [ 667440 ] {} <Error> Application: Code: 180. DB::Exception: Settings profile `default` not found. (THERE_IS_NO_PROFILE), Stack trace (when copying this message, always include the lines below):

0. Poco::Exception::Exception(String&&, int) @ 0x0000000119f34e7c
1. DB::Exception::Exception(DB::Exception::MessageMasked&&, int, bool) @ 0x000000010a484eb0
2. DB::Exception::Exception(String&&, int, String, bool) @ 0x0000000104b73b98
3. DB::Exception::Exception(PreformattedMessage&&, int) @ 0x0000000104b736ac
4. DB::Exception::Exception<String>(int, FormatStringHelperImpl<std::type_identity<String>::type>, String&&) @ 0x0000000104b7337c
5. DB::SettingsProfilesCache::setDefaultProfileName(String const&) @ 0x000000010ecdbd68
6. DB::Context::setDefaultProfiles(Poco::Util::AbstractConfiguration const&) @ 0x000000010fcc9178
7. DB::Server::main(std::vector<String, std::allocator<String>> const&) @ 0x000000010aa2773c
8. Poco::Util::Application::run() @ 0x0000000119fcebbc
9. DB::Server::run() @ 0x000000010aa1a3e0
10. mainEntryClickHouseServer(int, char**) @ 0x000000010aa19b08
11. main @ 0x0000000104b6cbf0
12. mach_o::Platform::Epoch::fall2025 @ 0x000000018063be00
 (version 26.8.1.1650 (official build))
2026.08.29 10:51:02.072633 [ 667440 ] {} <Information> Application: shutting down
2026.08.29 10:51:02.072650 [ 667449 ] {} <Information> BaseDaemon: Stop SignalListener thread
2026.08.29 10:52:18.360871 [ 670008 ] {} <Information> Application: Starting ClickHouse 26.8.1.1650 (revision: 54513, git hash: fbf131e38da5a9de343bea351f2ea68a5ec67379, build id: 1EF2B079237C30289E34E7909BBFDFE3), PID 60274
2026.08.29 10:52:18.360911 [ 670008 ] {} <Information> Application: starting up
2026.08.29 10:52:18.360937 [ 670008 ] {} <Information> Application: OS name: Darwin, version: 25.5.0, architecture: arm64
2026.08.29 10:52:18.360974 [ 670008 ] {} <Information> Application: Available RAM: 16.00 GiB; logical cores: 10; used cores: 10.
2026.08.29 10:52:18.369800 [ 670008 ] {} <Information> StatusFile: Writing pid 60274 to /Users/shinigami/Workspace/SS/cut-point/.local-clickhouse/status
2026.08.29 10:52:18.371902 [ 670008 ] {} <Information> MemoryWorker: Starting background memory thread with period of 100ms, using Jemalloc as source, purging dirty pages enabled (total memory threshold ratio: 0.9, dirty pages threshold ratio: 0.2, page size: 16384)
2026.08.29 10:52:18.371942 [ 670008 ] {} <Information> BackgroundSchedulePool/BgSchPool: Create BackgroundSchedulePool with 16 initial threads (grows lazily up to 512)
2026.08.29 10:52:18.372054 [ 670024 ] {} <Information> MemoryWorker: Default dirty pages decay period: 5000ms
2026.08.29 10:52:18.372265 [ 670008 ] {} <Warning> Context: Maximum number of threads is lower than 30000. There could be problems with handling a lot of simultaneous queries.
2026.08.29 10:52:18.372343 [ 670008 ] {} <Information> UserDefinedSQLObjectsLoaderFromDisk: Loading user defined objects from /Users/shinigami/Workspace/SS/cut-point/.local-clickhouse/user_defined/
2026.08.29 10:52:18.377796 [ 670008 ] {} <Information> DNSCacheUpdater: Update period 15 seconds
2026.08.29 10:52:18.380797 [ 670008 ] {} <Information> Application: Changed setting 'max_server_memory_usage' to 8.00 GiB (16.00 GiB available memory * 0.50 max_server_memory_usage_to_ram_ratio)
2026.08.29 10:52:18.380804 [ 670008 ] {} <Information> Application: Setting merges_mutations_memory_usage_soft_limit was set to 8.00 GiB (16.00 GiB available * 0.50 merges_mutations_memory_usage_to_ram_ratio)
2026.08.29 10:52:18.380805 [ 670008 ] {} <Information> Application: Merges and mutations memory limit is set to 8.00 GiB
2026.08.29 10:52:18.380857 [ 670008 ] {} <Information> Application: Setting max_remote_read_network_bandwidth_for_server was set to 0
2026.08.29 10:52:18.380858 [ 670008 ] {} <Information> Application: Setting max_remote_write_network_bandwidth_for_server was set to 0
2026.08.29 10:52:18.380859 [ 670008 ] {} <Information> Application: Setting max_local_read_bandwidth_for_server was set to 0
2026.08.29 10:52:18.380860 [ 670008 ] {} <Information> Application: Setting max_local_write_bandwidth_for_server was set to 0
2026.08.29 10:52:18.380864 [ 670008 ] {} <Information> Application: Setting max_remote_read_connections was set to 1000
2026.08.29 10:52:18.380868 [ 670008 ] {} <Information> Application: ConcurrencyControl limit is set to 20 CPU slots with 'max_min_fair' scheduler
2026.08.29 10:52:18.380875 [ 670008 ] {} <Information> BackgroundSchedulePool/BgBufSchPool: Create BackgroundSchedulePool with 16 initial threads (grows lazily up to 16)
2026.08.29 10:52:18.381182 [ 670008 ] {} <Information> BackgroundSchedulePool/BgMBSchPool: Create BackgroundSchedulePool with 16 initial threads (grows lazily up to 16)
2026.08.29 10:52:18.381415 [ 670008 ] {} <Information> BackgroundSchedulePool/BgDistSchPool: Create BackgroundSchedulePool with 16 initial threads (grows lazily up to 16)
2026.08.29 10:52:18.381662 [ 670008 ] {} <Information> BackgroundSchedulePool/BgStrmSchPool: Create BackgroundSchedulePool with 16 initial threads (grows lazily up to 16)
2026.08.29 10:52:18.381975 [ 670008 ] {} <Information> WorkloadEntityDiskStorage: Loading workload entities from /Users/shinigami/Workspace/SS/cut-point/.local-clickhouse/workload/
2026.08.29 10:52:18.382103 [ 670008 ] {} <Information> CertificateReloader: One of paths is empty. Cannot apply new configuration for certificates. Fill all paths and try again.
2026.08.29 10:52:18.382105 [ 670008 ] {} <Information> CertificateReloader: One of paths is empty. Cannot apply new configuration for certificates. Fill all paths and try again.
2026.08.29 10:52:18.382737 [ 670008 ] {} <Information> Application: Shutting down storages.
2026.08.29 10:52:18.383271 [ 670008 ] {} <Information> Application: Waiting for background threads
2026.08.29 10:52:18.385882 [ 670008 ] {} <Information> Application: Background threads finished in 2 ms
2026.08.29 10:52:18.386138 [ 670008 ] {} <Error> Application: Code: 180. DB::Exception: Settings profile `default` not found. (THERE_IS_NO_PROFILE), Stack trace (when copying this message, always include the lines below):

0. Poco::Exception::Exception(String&&, int) @ 0x0000000119c1ce7c
1. DB::Exception::Exception(DB::Exception::MessageMasked&&, int, bool) @ 0x000000010a16ceb0
2. DB::Exception::Exception(String&&, int, String, bool) @ 0x000000010485bb98
3. DB::Exception::Exception(PreformattedMessage&&, int) @ 0x000000010485b6ac
4. DB::Exception::Exception<String>(int, FormatStringHelperImpl<std::type_identity<String>::type>, String&&) @ 0x000000010485b37c
5. DB::SettingsProfilesCache::setDefaultProfileName(String const&) @ 0x000000010e9c3d68
6. DB::Context::setDefaultProfiles(Poco::Util::AbstractConfiguration const&) @ 0x000000010f9b1178
7. DB::Server::main(std::vector<String, std::allocator<String>> const&) @ 0x000000010a70f73c
8. Poco::Util::Application::run() @ 0x0000000119cb6bbc
9. DB::Server::run() @ 0x000000010a7023e0
10. mainEntryClickHouseServer(int, char**) @ 0x000000010a701b08
11. main @ 0x0000000104854bf0
12. mach_o::Platform::Epoch::fall2025 @ 0x000000018063be00
 (version 26.8.1.1650 (official build))
2026.08.29 10:52:18.386153 [ 670008 ] {} <Information> Application: shutting down
2026.08.29 10:52:18.386170 [ 670019 ] {} <Information> BaseDaemon: Stop SignalListener thread
2026.08.29 10:53:08.853624 [ 671105 ] {} <Information> Application: Starting ClickHouse 26.8.1.1650 (revision: 54513, git hash: fbf131e38da5a9de343bea351f2ea68a5ec67379, build id: 1EF2B079237C30289E34E7909BBFDFE3), PID 60931
2026.08.29 10:53:08.853658 [ 671105 ] {} <Information> Application: starting up
2026.08.29 10:53:08.853682 [ 671105 ] {} <Information> Application: OS name: Darwin, version: 25.5.0, architecture: arm64
2026.08.29 10:53:08.853718 [ 671105 ] {} <Information> Application: Available RAM: 16.00 GiB; logical cores: 10; used cores: 10.
2026.08.29 10:53:08.862245 [ 671105 ] {} <Information> StatusFile: Writing pid 60931 to /Users/shinigami/Workspace/SS/cut-point/.local-clickhouse/status
2026.08.29 10:53:08.864079 [ 671105 ] {} <Information> MemoryWorker: Starting background memory thread with period of 100ms, using Jemalloc as source, purging dirty pages enabled (total memory threshold ratio: 0.9, dirty pages threshold ratio: 0.2, page size: 16384)
2026.08.29 10:53:08.864129 [ 671105 ] {} <Information> BackgroundSchedulePool/BgSchPool: Create BackgroundSchedulePool with 16 initial threads (grows lazily up to 512)
2026.08.29 10:53:08.864276 [ 671119 ] {} <Information> MemoryWorker: Default dirty pages decay period: 5000ms
2026.08.29 10:53:08.864500 [ 671105 ] {} <Warning> Context: Maximum number of threads is lower than 30000. There could be problems with handling a lot of simultaneous queries.
2026.08.29 10:53:08.864580 [ 671105 ] {} <Information> UserDefinedSQLObjectsLoaderFromDisk: Loading user defined objects from /Users/shinigami/Workspace/SS/cut-point/.local-clickhouse/user_defined/
2026.08.29 10:53:08.874326 [ 671105 ] {} <Information> DNSCacheUpdater: Update period 15 seconds
2026.08.29 10:53:08.877230 [ 671105 ] {} <Information> Application: Changed setting 'max_server_memory_usage' to 8.00 GiB (16.00 GiB available memory * 0.50 max_server_memory_usage_to_ram_ratio)
2026.08.29 10:53:08.877233 [ 671105 ] {} <Information> Application: Setting merges_mutations_memory_usage_soft_limit was set to 8.00 GiB (16.00 GiB available * 0.50 merges_mutations_memory_usage_to_ram_ratio)
2026.08.29 10:53:08.877234 [ 671105 ] {} <Information> Application: Merges and mutations memory limit is set to 8.00 GiB
2026.08.29 10:53:08.877303 [ 671105 ] {} <Information> Application: Setting max_remote_read_network_bandwidth_for_server was set to 0
2026.08.29 10:53:08.877304 [ 671105 ] {} <Information> Application: Setting max_remote_write_network_bandwidth_for_server was set to 0
2026.08.29 10:53:08.877305 [ 671105 ] {} <Information> Application: Setting max_local_read_bandwidth_for_server was set to 0
2026.08.29 10:53:08.877306 [ 671105 ] {} <Information> Application: Setting max_local_write_bandwidth_for_server was set to 0
2026.08.29 10:53:08.877310 [ 671105 ] {} <Information> Application: Setting max_remote_read_connections was set to 1000
2026.08.29 10:53:08.877315 [ 671105 ] {} <Information> Application: ConcurrencyControl limit is set to 20 CPU slots with 'max_min_fair' scheduler
2026.08.29 10:53:08.877320 [ 671105 ] {} <Information> BackgroundSchedulePool/BgBufSchPool: Create BackgroundSchedulePool with 16 initial threads (grows lazily up to 16)
2026.08.29 10:53:08.877621 [ 671105 ] {} <Information> BackgroundSchedulePool/BgMBSchPool: Create BackgroundSchedulePool with 16 initial threads (grows lazily up to 16)
2026.08.29 10:53:08.877860 [ 671105 ] {} <Information> BackgroundSchedulePool/BgDistSchPool: Create BackgroundSchedulePool with 16 initial threads (grows lazily up to 16)
2026.08.29 10:53:08.878140 [ 671105 ] {} <Information> BackgroundSchedulePool/BgStrmSchPool: Create BackgroundSchedulePool with 16 initial threads (grows lazily up to 16)
2026.08.29 10:53:08.878541 [ 671105 ] {} <Information> WorkloadEntityDiskStorage: Loading workload entities from /Users/shinigami/Workspace/SS/cut-point/.local-clickhouse/workload/
2026.08.29 10:53:08.878652 [ 671105 ] {} <Information> CertificateReloader: One of paths is empty. Cannot apply new configuration for certificates. Fill all paths and try again.
2026.08.29 10:53:08.878654 [ 671105 ] {} <Information> CertificateReloader: One of paths is empty. Cannot apply new configuration for certificates. Fill all paths and try again.
2026.08.29 10:53:08.881547 [ 671105 ] {} <Information> Context: Initialized background executor for merges and mutations with num_threads=16, num_tasks=32, scheduling_policy=round_robin
2026.08.29 10:53:08.881635 [ 671105 ] {} <Information> Context: Initialized background executor for move operations with num_threads=8, num_tasks=8
2026.08.29 10:53:08.881836 [ 671105 ] {} <Information> Context: Initialized background executor for fetches with num_threads=16, num_tasks=16
2026.08.29 10:53:08.881942 [ 671105 ] {} <Information> Context: Initialized background executor for common operations (e.g. clearing old parts) with num_threads=8, num_tasks=8
2026.08.29 10:53:08.884650 [ 671105 ] {} <Information> Application: Loading metadata from /Users/shinigami/Workspace/SS/cut-point/.local-clickhouse/
2026.08.29 10:53:08.884660 [ 671105 ] {} <Information> Context: Database disk name: default
2026.08.29 10:53:08.884662 [ 671105 ] {} <Information> Context: Database disk name: default, path: /Users/shinigami/Workspace/SS/cut-point/.local-clickhouse/
2026.08.29 10:53:08.885367 [ 671105 ] {} <Information> DatabaseAtomic (system): Metadata disk default, path /Users/shinigami/Workspace/SS/cut-point/.local-clickhouse/
2026.08.29 10:53:08.885735 [ 671105 ] {} <Information> DatabaseAtomic (system): Metadata processed, database system has 0 tables, 0 dictionaries and 0 materialized views in total.
2026.08.29 10:53:08.885930 [ 671105 ] {} <Information> TablesLoader: Parsed metadata of 0 tables in 1 databases in 0.000 sec
2026.08.29 10:53:08.913044 [ 671105 ] {} <Information> DatabaseAtomic (cutpoint): Metadata disk default, path /Users/shinigami/Workspace/SS/cut-point/.local-clickhouse/
2026.08.29 10:53:08.913265 [ 671105 ] {} <Information> DatabaseAtomic (default): Metadata disk default, path /Users/shinigami/Workspace/SS/cut-point/.local-clickhouse/
2026.08.29 10:53:08.914494 [ 671105 ] {} <Information> DatabaseAtomic (cutpoint): Metadata processed, database cutpoint has 4 tables, 0 dictionaries and 1 materialized views in total.
2026.08.29 10:53:08.914500 [ 671105 ] {} <Information> DatabaseAtomic (default): Metadata processed, database default has 0 tables, 0 dictionaries and 0 materialized views in total.
2026.08.29 10:53:08.914505 [ 671105 ] {} <Information> TablesLoader: Parsed metadata of 4 tables in 2 databases in 0.001 sec
2026.08.29 10:53:08.914625 [ 671105 ] {} <Information> loadMetadata: Start asynchronous loading of databases
2026.08.29 10:53:08.914892 [ 671105 ] {} <Information> UserDefinedSQLObjectsLoaderFromDisk: Loading user defined objects from /Users/shinigami/Workspace/SS/cut-point/.local-clickhouse/user_defined/
2026.08.29 10:53:08.915069 [ 671105 ] {} <Information> Application: TaskStats is not implemented for this OS. IO accounting will be disabled.
2026.08.29 10:53:08.915662 [ 671105 ] {} <Information> CertificateReloader: One of paths is empty. Cannot apply new configuration for certificates. Fill all paths and try again.
2026.08.29 10:53:08.915664 [ 671105 ] {} <Information> CertificateReloader: One of paths is empty. Cannot apply new configuration for certificates. Fill all paths and try again.
2026.08.29 10:53:08.916453 [ 671105 ] {} <Information> Application: Listening for http://127.0.0.1:8123
2026.08.29 10:53:08.916463 [ 671105 ] {} <Information> Application: Listening for native protocol (tcp): 127.0.0.1:9000
2026.08.29 10:53:08.916464 [ 671105 ] {} <Information> Application: Ready for connections.
2026.08.29 10:53:08.921084 [ 671275 ] {} <Information> cutpoint.mv_second_viewers (8c02117a-0d09-4606-b192-436fc64cb03c): Start to refresh statistics
2026.08.29 10:53:08.921084 [ 671287 ] {} <Information> cutpoint.trailers (d6a4daa9-4383-49ff-8f9a-e31336b29d9e): Start to refresh statistics
2026.08.29 10:53:08.921168 [ 671275 ] {} <Information> cutpoint.raw_playback_events (75b1776e-1032-4084-b49d-541e45320840): Start to refresh statistics
2026.08.29 10:53:08.966665 [ 671118 ] {} <Information> MemoryTracker: Correcting the value of global memory tracker from 171.90 MiB to 377.95 MiB
2026.08.29 10:53:15.631754 [ 671114 ] {} <Information> BaseDaemon: Received termination signal (Terminated: 15)
2026.08.29 10:53:15.942026 [ 671105 ] {} <Information> Application: Closed all listening sockets.
2026.08.29 10:53:15.942042 [ 671105 ] {} <Information> Application: Closed connections.
2026.08.29 10:53:15.942075 [ 671105 ] {} <Information> Application: Stopping AsyncLoader.
2026.08.29 10:53:15.943072 [ 671105 ] {} <Information> Application: Shutting down storages.
2026.08.29 10:53:15.949664 [ 671105 ] {} <Information> Context: Shutdown disk backups
2026.08.29 10:53:15.949671 [ 671105 ] {} <Information> Context: Shutdown disk default
2026.08.29 10:53:15.952771 [ 671105 ] {} <Information> Application: Waiting for background threads
2026.08.29 10:53:15.956653 [ 671105 ] {} <Information> Application: Background threads finished in 3 ms
2026.08.29 10:53:15.957002 [ 671105 ] {} <Information> Application: shutting down
2026.08.29 10:53:15.957036 [ 671114 ] {} <Information> BaseDaemon: Stop SignalListener thread
2026.08.29 10:53:29.167787 [ 671722 ] {} <Information> Application: Will watch for the process with pid 61181
2026.08.29 10:53:29.168107 [ 671732 ] {} <Information> Application: Forked a child process to watch
2026.08.29 10:53:29.384072 [ 671732 ] {} <Information> Application: Starting ClickHouse 26.8.1.1650 (revision: 54513, git hash: fbf131e38da5a9de343bea351f2ea68a5ec67379, build id: 1EF2B079237C30289E34E7909BBFDFE3), PID 61181
2026.08.29 10:53:29.384127 [ 671732 ] {} <Information> Application: starting up
2026.08.29 10:53:29.384162 [ 671732 ] {} <Information> Application: OS name: Darwin, version: 25.5.0, architecture: arm64
2026.08.29 10:53:29.384215 [ 671732 ] {} <Information> Application: Available RAM: 16.00 GiB; logical cores: 10; used cores: 10.
2026.08.29 10:53:29.394154 [ 671732 ] {} <Information> StatusFile: Writing pid 61181 to /Users/shinigami/Workspace/SS/cut-point/.local-clickhouse/status
2026.08.29 10:53:29.396495 [ 671732 ] {} <Information> MemoryWorker: Starting background memory thread with period of 100ms, using Jemalloc as source, purging dirty pages enabled (total memory threshold ratio: 0.9, dirty pages threshold ratio: 0.2, page size: 16384)
2026.08.29 10:53:29.396552 [ 671732 ] {} <Information> BackgroundSchedulePool/BgSchPool: Create BackgroundSchedulePool with 16 initial threads (grows lazily up to 512)
2026.08.29 10:53:29.396612 [ 671746 ] {} <Information> MemoryWorker: Default dirty pages decay period: 5000ms
2026.08.29 10:53:29.396850 [ 671732 ] {} <Warning> Context: Maximum number of threads is lower than 30000. There could be problems with handling a lot of simultaneous queries.
2026.08.29 10:53:29.396912 [ 671732 ] {} <Information> UserDefinedSQLObjectsLoaderFromDisk: Loading user defined objects from /Users/shinigami/Workspace/SS/cut-point/.local-clickhouse/user_defined/
2026.08.29 10:53:29.407053 [ 671732 ] {} <Information> DNSCacheUpdater: Update period 15 seconds
2026.08.29 10:53:29.409159 [ 671732 ] {} <Information> Application: Changed setting 'max_server_memory_usage' to 8.00 GiB (16.00 GiB available memory * 0.50 max_server_memory_usage_to_ram_ratio)
2026.08.29 10:53:29.409171 [ 671732 ] {} <Information> Application: Setting merges_mutations_memory_usage_soft_limit was set to 8.00 GiB (16.00 GiB available * 0.50 merges_mutations_memory_usage_to_ram_ratio)
2026.08.29 10:53:29.409172 [ 671732 ] {} <Information> Application: Merges and mutations memory limit is set to 8.00 GiB
2026.08.29 10:53:29.409234 [ 671732 ] {} <Information> Application: Setting max_remote_read_network_bandwidth_for_server was set to 0
2026.08.29 10:53:29.409235 [ 671732 ] {} <Information> Application: Setting max_remote_write_network_bandwidth_for_server was set to 0
2026.08.29 10:53:29.409236 [ 671732 ] {} <Information> Application: Setting max_local_read_bandwidth_for_server was set to 0
2026.08.29 10:53:29.409237 [ 671732 ] {} <Information> Application: Setting max_local_write_bandwidth_for_server was set to 0
2026.08.29 10:53:29.409241 [ 671732 ] {} <Information> Application: Setting max_remote_read_connections was set to 1000
2026.08.29 10:53:29.409245 [ 671732 ] {} <Information> Application: ConcurrencyControl limit is set to 20 CPU slots with 'max_min_fair' scheduler
2026.08.29 10:53:29.409252 [ 671732 ] {} <Information> BackgroundSchedulePool/BgBufSchPool: Create BackgroundSchedulePool with 16 initial threads (grows lazily up to 16)
2026.08.29 10:53:29.409509 [ 671732 ] {} <Information> BackgroundSchedulePool/BgMBSchPool: Create BackgroundSchedulePool with 16 initial threads (grows lazily up to 16)
2026.08.29 10:53:29.409764 [ 671732 ] {} <Information> BackgroundSchedulePool/BgDistSchPool: Create BackgroundSchedulePool with 16 initial threads (grows lazily up to 16)
2026.08.29 10:53:29.409957 [ 671732 ] {} <Information> BackgroundSchedulePool/BgStrmSchPool: Create BackgroundSchedulePool with 16 initial threads (grows lazily up to 16)
2026.08.29 10:53:29.410352 [ 671732 ] {} <Information> WorkloadEntityDiskStorage: Loading workload entities from /Users/shinigami/Workspace/SS/cut-point/.local-clickhouse/workload/
2026.08.29 10:53:29.410469 [ 671732 ] {} <Information> CertificateReloader: One of paths is empty. Cannot apply new configuration for certificates. Fill all paths and try again.
2026.08.29 10:53:29.410471 [ 671732 ] {} <Information> CertificateReloader: One of paths is empty. Cannot apply new configuration for certificates. Fill all paths and try again.
2026.08.29 10:53:29.412787 [ 671732 ] {} <Information> Context: Initialized background executor for merges and mutations with num_threads=16, num_tasks=32, scheduling_policy=round_robin
2026.08.29 10:53:29.412899 [ 671732 ] {} <Information> Context: Initialized background executor for move operations with num_threads=8, num_tasks=8
2026.08.29 10:53:29.413117 [ 671732 ] {} <Information> Context: Initialized background executor for fetches with num_threads=16, num_tasks=16
2026.08.29 10:53:29.413231 [ 671732 ] {} <Information> Context: Initialized background executor for common operations (e.g. clearing old parts) with num_threads=8, num_tasks=8
2026.08.29 10:53:29.414471 [ 671732 ] {} <Information> Application: Loading metadata from /Users/shinigami/Workspace/SS/cut-point/.local-clickhouse/
2026.08.29 10:53:29.414487 [ 671732 ] {} <Information> Context: Database disk name: default
2026.08.29 10:53:29.414489 [ 671732 ] {} <Information> Context: Database disk name: default, path: /Users/shinigami/Workspace/SS/cut-point/.local-clickhouse/
2026.08.29 10:53:29.414620 [ 671732 ] {} <Information> DatabaseAtomic (system): Metadata disk default, path /Users/shinigami/Workspace/SS/cut-point/.local-clickhouse/
2026.08.29 10:53:29.414849 [ 671732 ] {} <Information> DatabaseAtomic (system): Metadata processed, database system has 0 tables, 0 dictionaries and 0 materialized views in total.
2026.08.29 10:53:29.414856 [ 671732 ] {} <Information> TablesLoader: Parsed metadata of 0 tables in 1 databases in 0.000 sec
2026.08.29 10:53:29.435605 [ 671732 ] {} <Information> DatabaseAtomic (cutpoint): Metadata disk default, path /Users/shinigami/Workspace/SS/cut-point/.local-clickhouse/
2026.08.29 10:53:29.435657 [ 671732 ] {} <Information> DatabaseAtomic (default): Metadata disk default, path /Users/shinigami/Workspace/SS/cut-point/.local-clickhouse/
2026.08.29 10:53:29.436135 [ 671732 ] {} <Information> DatabaseAtomic (cutpoint): Metadata processed, database cutpoint has 4 tables, 0 dictionaries and 1 materialized views in total.
2026.08.29 10:53:29.436139 [ 671732 ] {} <Information> DatabaseAtomic (default): Metadata processed, database default has 0 tables, 0 dictionaries and 0 materialized views in total.
2026.08.29 10:53:29.436144 [ 671732 ] {} <Information> TablesLoader: Parsed metadata of 4 tables in 2 databases in 0.000 sec
2026.08.29 10:53:29.436251 [ 671732 ] {} <Information> loadMetadata: Start asynchronous loading of databases
2026.08.29 10:53:29.436509 [ 671732 ] {} <Information> UserDefinedSQLObjectsLoaderFromDisk: Loading user defined objects from /Users/shinigami/Workspace/SS/cut-point/.local-clickhouse/user_defined/
2026.08.29 10:53:29.436518 [ 671732 ] {} <Information> Application: TaskStats is not implemented for this OS. IO accounting will be disabled.
2026.08.29 10:53:29.436708 [ 671732 ] {} <Information> CertificateReloader: One of paths is empty. Cannot apply new configuration for certificates. Fill all paths and try again.
2026.08.29 10:53:29.436710 [ 671732 ] {} <Information> CertificateReloader: One of paths is empty. Cannot apply new configuration for certificates. Fill all paths and try again.
2026.08.29 10:53:29.437476 [ 671732 ] {} <Information> Application: Listening for http://127.0.0.1:8123
2026.08.29 10:53:29.437486 [ 671732 ] {} <Information> Application: Listening for native protocol (tcp): 127.0.0.1:9000
2026.08.29 10:53:29.437487 [ 671732 ] {} <Information> Application: Ready for connections.
2026.08.29 10:53:29.439702 [ 671905 ] {} <Information> cutpoint.trailers (d6a4daa9-4383-49ff-8f9a-e31336b29d9e): Start to refresh statistics
2026.08.29 10:53:29.439715 [ 671902 ] {} <Information> cutpoint.mv_second_viewers (8c02117a-0d09-4606-b192-436fc64cb03c): Start to refresh statistics
2026.08.29 10:53:29.439792 [ 671902 ] {} <Information> cutpoint.raw_playback_events (75b1776e-1032-4084-b49d-541e45320840): Start to refresh statistics
2026.08.29 10:53:29.501729 [ 671745 ] {} <Information> MemoryTracker: Correcting the value of global memory tracker from 167.63 MiB to 323.64 MiB
2026.08.29 10:53:37.965482 [ 671743 ] {64423b68-047a-4d30-8593-2b7d1e55286a} <Information> BackupsWorker: Waiting backup Disk('backups', 'cutpoint-20260829-105337') to complete
2026.08.29 10:53:37.965629 [ 671914 ] {64423b68-047a-4d30-8593-2b7d1e55286a} <Information> BackupImpl: Writing backup: Disk('backups', 'cutpoint-20260829-105337')
2026.08.29 10:53:37.965944 [ 671914 ] {64423b68-047a-4d30-8593-2b7d1e55286a} <Information> BackupsWorker: Opened backup for writing
2026.08.29 10:53:37.967156 [ 671914 ] {64423b68-047a-4d30-8593-2b7d1e55286a} <Information> BackupEntriesCollector: Will backup 1 databases and 4 tables
2026.08.29 10:53:38.102179 [ 671914 ] {64423b68-047a-4d30-8593-2b7d1e55286a} <Information> BackupsWorker: Backup Disk('backups', 'cutpoint-20260829-105337') was created successfully
2026.08.29 10:54:04.712237 [ 671742 ] {2211dc74-d283-472e-aeb5-c9589159577e} <Information> BackupsWorker: Waiting restore Disk('backups', 'cutpoint-20260829-105337') to complete
2026.08.29 10:54:04.712305 [ 671914 ] {2211dc74-d283-472e-aeb5-c9589159577e} <Information> BackupImpl: Reading backup: Disk('backups', 'cutpoint-20260829-105337')
2026.08.29 10:54:04.713663 [ 671914 ] {2211dc74-d283-472e-aeb5-c9589159577e} <Information> BackupMetadataFinder: Will restore 1 databases and 4 tables
2026.08.29 10:54:04.713751 [ 672352 ] {2211dc74-d283-472e-aeb5-c9589159577e} <Information> DatabaseAtomic (cutpoint_restore_test): Metadata disk default, path /Users/shinigami/Workspace/SS/cut-point/.local-clickhouse/
2026.08.29 10:54:04.714083 [ 672352 ] {2211dc74-d283-472e-aeb5-c9589159577e} <Information> DatabaseAtomic (cutpoint_restore_test): Metadata processed, database cutpoint_restore_test has 0 tables, 0 dictionaries and 0 materialized views in total.
2026.08.29 10:54:04.714089 [ 672352 ] {2211dc74-d283-472e-aeb5-c9589159577e} <Information> TablesLoader: Parsed metadata of 0 tables in 1 databases in 0.000 sec
2026.08.29 10:54:04.716689 [ 671908 ] {2211dc74-d283-472e-aeb5-c9589159577e} <Information> cutpoint_restore_test.trailers (27ff0ec1-f607-4d3e-8006-3991babb3c7d): Start to refresh statistics
2026.08.29 10:54:04.716781 [ 671909 ] {2211dc74-d283-472e-aeb5-c9589159577e} <Information> cutpoint_restore_test.mv_second_viewers (efd9ebbb-6e2d-4217-bdbc-d249943ecdd9): Start to refresh statistics
2026.08.29 10:54:04.716856 [ 672352 ] {2211dc74-d283-472e-aeb5-c9589159577e} <Information> cutpoint_restore_test.raw_playback_events (e8d57acf-a2bf-4cb1-aac1-a3694d099c27): Start to refresh statistics
2026.08.29 10:54:04.856794 [ 671914 ] {2211dc74-d283-472e-aeb5-c9589159577e} <Information> BackupsWorker: Restored from backup Disk('backups', 'cutpoint-20260829-105337') successfully
2026.08.29 10:54:04.879575 [ 671761 ] {BgSchPool::4fe443b7-5e35-4d93-9b1e-4d4469944cf8} <Information> DatabaseCatalog: Have 1 tables in drop queue (0 of them are in use), will try drop 1 tables
2026.08.29 10:54:04.879746 [ 672353 ] {} <Information> DatabaseCatalog: Removing metadata metadata_dropped/cutpoint_restore_test.mv_second_viewers_mv.9f204e76-d0f6-4bd3-a917-23942cfd0561.sql of dropped table cutpoint_restore_test.mv_second_viewers_mv (9f204e76-d0f6-4bd3-a917-23942cfd0561)
2026.08.29 10:55:35.027995 [ 671741 ] {} <Information> BaseDaemon: Received termination signal (Terminated: 15)
2026.08.29 10:55:35.427686 [ 671732 ] {} <Information> Application: Closed all listening sockets.
2026.08.29 10:55:35.427706 [ 671732 ] {} <Information> Application: Closed connections.
2026.08.29 10:55:35.427748 [ 671732 ] {} <Information> Application: Stopping AsyncLoader.
2026.08.29 10:55:35.428409 [ 671732 ] {} <Information> Application: Shutting down storages.
2026.08.29 10:55:35.434867 [ 671732 ] {} <Information> Context: Shutdown disk backups
2026.08.29 10:55:35.434872 [ 671732 ] {} <Information> Context: Shutdown disk default
2026.08.29 10:55:35.437565 [ 671732 ] {} <Information> Application: Waiting for background threads
2026.08.29 10:55:35.442069 [ 671732 ] {} <Information> Application: Background threads finished in 4 ms
2026.08.29 10:55:35.442474 [ 671732 ] {} <Information> Application: shutting down
2026.08.29 10:55:35.442514 [ 671741 ] {} <Information> BaseDaemon: Stop SignalListener thread
2026.08.29 10:55:36.108023 [ 674882 ] {} <Information> Application: Will watch for the process with pid 63116
2026.08.29 10:55:36.108325 [ 674896 ] {} <Information> Application: Forked a child process to watch
2026.08.29 10:55:36.317979 [ 674896 ] {} <Information> Application: Starting ClickHouse 26.8.1.1650 (revision: 54513, git hash: fbf131e38da5a9de343bea351f2ea68a5ec67379, build id: 1EF2B079237C30289E34E7909BBFDFE3), PID 63116
2026.08.29 10:55:36.318029 [ 674896 ] {} <Information> Application: starting up
2026.08.29 10:55:36.318061 [ 674896 ] {} <Information> Application: OS name: Darwin, version: 25.5.0, architecture: arm64
2026.08.29 10:55:36.318117 [ 674896 ] {} <Information> Application: Available RAM: 16.00 GiB; logical cores: 10; used cores: 10.
2026.08.29 10:55:36.328085 [ 674896 ] {} <Information> StatusFile: Writing pid 63116 to /Users/shinigami/Workspace/SS/cut-point/.local-clickhouse/status
2026.08.29 10:55:36.329996 [ 674896 ] {} <Information> MemoryWorker: Starting background memory thread with period of 100ms, using Jemalloc as source, purging dirty pages enabled (total memory threshold ratio: 0.9, dirty pages threshold ratio: 0.2, page size: 16384)
2026.08.29 10:55:36.330049 [ 674896 ] {} <Information> BackgroundSchedulePool/BgSchPool: Create BackgroundSchedulePool with 16 initial threads (grows lazily up to 512)
2026.08.29 10:55:36.330137 [ 674916 ] {} <Information> MemoryWorker: Default dirty pages decay period: 5000ms
2026.08.29 10:55:36.330337 [ 674896 ] {} <Warning> Context: Maximum number of threads is lower than 30000. There could be problems with handling a lot of simultaneous queries.
2026.08.29 10:55:36.330400 [ 674896 ] {} <Information> UserDefinedSQLObjectsLoaderFromDisk: Loading user defined objects from /Users/shinigami/Workspace/SS/cut-point/.local-clickhouse/user_defined/
2026.08.29 10:55:36.342627 [ 674896 ] {} <Information> DNSCacheUpdater: Update period 15 seconds
2026.08.29 10:55:36.344884 [ 674896 ] {} <Information> Application: Changed setting 'max_server_memory_usage' to 8.00 GiB (16.00 GiB available memory * 0.50 max_server_memory_usage_to_ram_ratio)
2026.08.29 10:55:36.344897 [ 674896 ] {} <Information> Application: Setting merges_mutations_memory_usage_soft_limit was set to 8.00 GiB (16.00 GiB available * 0.50 merges_mutations_memory_usage_to_ram_ratio)
2026.08.29 10:55:36.344898 [ 674896 ] {} <Information> Application: Merges and mutations memory limit is set to 8.00 GiB
2026.08.29 10:55:36.344962 [ 674896 ] {} <Information> Application: Setting max_remote_read_network_bandwidth_for_server was set to 0
2026.08.29 10:55:36.344962 [ 674896 ] {} <Information> Application: Setting max_remote_write_network_bandwidth_for_server was set to 0
2026.08.29 10:55:36.344963 [ 674896 ] {} <Information> Application: Setting max_local_read_bandwidth_for_server was set to 0
2026.08.29 10:55:36.344964 [ 674896 ] {} <Information> Application: Setting max_local_write_bandwidth_for_server was set to 0
2026.08.29 10:55:36.344968 [ 674896 ] {} <Information> Application: Setting max_remote_read_connections was set to 1000
2026.08.29 10:55:36.344975 [ 674896 ] {} <Information> Application: ConcurrencyControl limit is set to 20 CPU slots with 'max_min_fair' scheduler
2026.08.29 10:55:36.344980 [ 674896 ] {} <Information> BackgroundSchedulePool/BgBufSchPool: Create BackgroundSchedulePool with 16 initial threads (grows lazily up to 16)
2026.08.29 10:55:36.345311 [ 674896 ] {} <Information> BackgroundSchedulePool/BgMBSchPool: Create BackgroundSchedulePool with 16 initial threads (grows lazily up to 16)
2026.08.29 10:55:36.345635 [ 674896 ] {} <Information> BackgroundSchedulePool/BgDistSchPool: Create BackgroundSchedulePool with 16 initial threads (grows lazily up to 16)
2026.08.29 10:55:36.345866 [ 674896 ] {} <Information> BackgroundSchedulePool/BgStrmSchPool: Create BackgroundSchedulePool with 16 initial threads (grows lazily up to 16)
2026.08.29 10:55:36.346258 [ 674896 ] {} <Information> WorkloadEntityDiskStorage: Loading workload entities from /Users/shinigami/Workspace/SS/cut-point/.local-clickhouse/workload/
2026.08.29 10:55:36.346387 [ 674896 ] {} <Information> CertificateReloader: One of paths is empty. Cannot apply new configuration for certificates. Fill all paths and try again.
2026.08.29 10:55:36.346389 [ 674896 ] {} <Information> CertificateReloader: One of paths is empty. Cannot apply new configuration for certificates. Fill all paths and try again.
2026.08.29 10:55:36.348866 [ 674896 ] {} <Information> Context: Initialized background executor for merges and mutations with num_threads=16, num_tasks=32, scheduling_policy=round_robin
2026.08.29 10:55:36.348966 [ 674896 ] {} <Information> Context: Initialized background executor for move operations with num_threads=8, num_tasks=8
2026.08.29 10:55:36.349135 [ 674896 ] {} <Information> Context: Initialized background executor for fetches with num_threads=16, num_tasks=16
2026.08.29 10:55:36.349255 [ 674896 ] {} <Information> Context: Initialized background executor for common operations (e.g. clearing old parts) with num_threads=8, num_tasks=8
2026.08.29 10:55:36.350361 [ 674896 ] {} <Information> Application: Loading metadata from /Users/shinigami/Workspace/SS/cut-point/.local-clickhouse/
2026.08.29 10:55:36.350373 [ 674896 ] {} <Information> Context: Database disk name: default
2026.08.29 10:55:36.350374 [ 674896 ] {} <Information> Context: Database disk name: default, path: /Users/shinigami/Workspace/SS/cut-point/.local-clickhouse/
2026.08.29 10:55:36.350499 [ 674896 ] {} <Information> DatabaseAtomic (system): Metadata disk default, path /Users/shinigami/Workspace/SS/cut-point/.local-clickhouse/
2026.08.29 10:55:36.350714 [ 674896 ] {} <Information> DatabaseAtomic (system): Metadata processed, database system has 0 tables, 0 dictionaries and 0 materialized views in total.
2026.08.29 10:55:36.350721 [ 674896 ] {} <Information> TablesLoader: Parsed metadata of 0 tables in 1 databases in 0.000 sec
2026.08.29 10:55:36.371999 [ 674896 ] {} <Information> DatabaseCatalog: Found 3 partially dropped tables. Will load them and retry removal.
2026.08.29 10:55:36.372074 [ 675070 ] {} <Information> DatabaseCatalog: Trying load partially dropped table cutpoint_restore_test.mv_second_viewers (efd9ebbb-6e2d-4217-bdbc-d249943ecdd9) from metadata_dropped/cutpoint_restore_test.mv_second_viewers.efd9ebbb-6e2d-4217-bdbc-d249943ecdd9.sql
2026.08.29 10:55:36.372082 [ 675069 ] {} <Information> DatabaseCatalog: Trying load partially dropped table cutpoint_restore_test.raw_playback_events (e8d57acf-a2bf-4cb1-aac1-a3694d099c27) from metadata_dropped/cutpoint_restore_test.raw_playback_events.e8d57acf-a2bf-4cb1-aac1-a3694d099c27.sql
2026.08.29 10:55:36.372108 [ 675072 ] {} <Information> DatabaseCatalog: Trying load partially dropped table cutpoint_restore_test.trailers (27ff0ec1-f607-4d3e-8006-3991babb3c7d) from metadata_dropped/cutpoint_restore_test.trailers.27ff0ec1-f607-4d3e-8006-3991babb3c7d.sql
2026.08.29 10:55:36.375271 [ 674896 ] {} <Information> DatabaseAtomic (cutpoint): Metadata disk default, path /Users/shinigami/Workspace/SS/cut-point/.local-clickhouse/
2026.08.29 10:55:36.375325 [ 674896 ] {} <Information> DatabaseAtomic (default): Metadata disk default, path /Users/shinigami/Workspace/SS/cut-point/.local-clickhouse/
2026.08.29 10:55:36.375713 [ 674896 ] {} <Information> DatabaseAtomic (cutpoint): Metadata processed, database cutpoint has 4 tables, 0 dictionaries and 1 materialized views in total.
2026.08.29 10:55:36.375721 [ 674896 ] {} <Information> DatabaseAtomic (default): Metadata processed, database default has 0 tables, 0 dictionaries and 0 materialized views in total.
2026.08.29 10:55:36.375726 [ 674896 ] {} <Information> TablesLoader: Parsed metadata of 4 tables in 2 databases in 0.000 sec
2026.08.29 10:55:36.375816 [ 674896 ] {} <Information> loadMetadata: Start asynchronous loading of databases
2026.08.29 10:55:36.376081 [ 674896 ] {} <Information> UserDefinedSQLObjectsLoaderFromDisk: Loading user defined objects from /Users/shinigami/Workspace/SS/cut-point/.local-clickhouse/user_defined/
2026.08.29 10:55:36.376089 [ 674896 ] {} <Information> Application: TaskStats is not implemented for this OS. IO accounting will be disabled.
2026.08.29 10:55:36.376290 [ 674896 ] {} <Information> CertificateReloader: One of paths is empty. Cannot apply new configuration for certificates. Fill all paths and try again.
2026.08.29 10:55:36.376291 [ 674896 ] {} <Information> CertificateReloader: One of paths is empty. Cannot apply new configuration for certificates. Fill all paths and try again.
2026.08.29 10:55:36.377167 [ 674896 ] {} <Information> Application: Listening for http://127.0.0.1:8123
2026.08.29 10:55:36.377176 [ 674896 ] {} <Information> Application: Listening for native protocol (tcp): 127.0.0.1:9000
2026.08.29 10:55:36.377177 [ 674896 ] {} <Information> Application: Ready for connections.
2026.08.29 10:55:36.378591 [ 675070 ] {} <Information> cutpoint.mv_second_viewers (8c02117a-0d09-4606-b192-436fc64cb03c): Start to refresh statistics
2026.08.29 10:55:36.378606 [ 675069 ] {} <Information> cutpoint.trailers (d6a4daa9-4383-49ff-8f9a-e31336b29d9e): Start to refresh statistics
2026.08.29 10:55:36.378738 [ 675070 ] {} <Information> cutpoint.raw_playback_events (75b1776e-1032-4084-b49d-541e45320840): Start to refresh statistics
2026.08.29 10:55:36.431728 [ 674914 ] {} <Information> MemoryTracker: Correcting the value of global memory tracker from 167.96 MiB to 318.86 MiB
2026.08.29 11:02:04.377903 [ 674915 ] {BgSchPool::38f8a42f-5269-4929-b9e2-cb3f9d8adc53} <Information> DatabaseCatalog: Have 3 tables in drop queue (0 of them are in use), will try drop 3 tables
2026.08.29 11:02:04.386869 [ 675078 ] {} <Information> cutpoint_restore_test.trailers (27ff0ec1-f607-4d3e-8006-3991babb3c7d): dropAllData: clearing temporary directories
2026.08.29 11:02:04.387228 [ 675078 ] {} <Information> cutpoint_restore_test.trailers (27ff0ec1-f607-4d3e-8006-3991babb3c7d): dropAllData: remove format_version.txt, detached, moving and write ahead logs
2026.08.29 11:02:04.387761 [ 675078 ] {} <Information> cutpoint_restore_test.trailers (27ff0ec1-f607-4d3e-8006-3991babb3c7d): dropAllData: removing table directory recursive to cleanup garbage
2026.08.29 11:02:04.388043 [ 675078 ] {} <Information> DatabaseCatalog: Removing metadata metadata_dropped/cutpoint_restore_test.trailers.27ff0ec1-f607-4d3e-8006-3991babb3c7d.sql of dropped table cutpoint_restore_test.trailers (27ff0ec1-f607-4d3e-8006-3991babb3c7d)
2026.08.29 11:02:04.395204 [ 675072 ] {} <Information> cutpoint_restore_test.mv_second_viewers (efd9ebbb-6e2d-4217-bdbc-d249943ecdd9): dropAllData: clearing temporary directories
2026.08.29 11:02:04.395480 [ 675072 ] {} <Information> cutpoint_restore_test.mv_second_viewers (efd9ebbb-6e2d-4217-bdbc-d249943ecdd9): dropAllData: remove format_version.txt, detached, moving and write ahead logs
2026.08.29 11:02:04.395863 [ 675072 ] {} <Information> cutpoint_restore_test.mv_second_viewers (efd9ebbb-6e2d-4217-bdbc-d249943ecdd9): dropAllData: removing table directory recursive to cleanup garbage
2026.08.29 11:02:04.396149 [ 675072 ] {} <Information> DatabaseCatalog: Removing metadata metadata_dropped/cutpoint_restore_test.mv_second_viewers.efd9ebbb-6e2d-4217-bdbc-d249943ecdd9.sql of dropped table cutpoint_restore_test.mv_second_viewers (efd9ebbb-6e2d-4217-bdbc-d249943ecdd9)
2026.08.29 11:02:04.405743 [ 675075 ] {} <Information> cutpoint_restore_test.raw_playback_events (e8d57acf-a2bf-4cb1-aac1-a3694d099c27): dropAllData: clearing temporary directories
2026.08.29 11:02:04.405921 [ 675075 ] {} <Information> cutpoint_restore_test.raw_playback_events (e8d57acf-a2bf-4cb1-aac1-a3694d099c27): dropAllData: remove format_version.txt, detached, moving and write ahead logs
2026.08.29 11:02:04.406170 [ 675075 ] {} <Information> cutpoint_restore_test.raw_playback_events (e8d57acf-a2bf-4cb1-aac1-a3694d099c27): dropAllData: removing table directory recursive to cleanup garbage
2026.08.29 11:02:04.406433 [ 675075 ] {} <Information> DatabaseCatalog: Removing metadata metadata_dropped/cutpoint_restore_test.raw_playback_events.e8d57acf-a2bf-4cb1-aac1-a3694d099c27.sql of dropped table cutpoint_restore_test.raw_playback_events (e8d57acf-a2bf-4cb1-aac1-a3694d099c27)
2026.08.29 11:36:39.630988 [ 674911 ] {fc8432ee-cf97-472e-ab3d-2c04c73bb0ac} <Error> executeQuery: Code: 164. DB::Exception: default: Cannot execute query in readonly mode. (READONLY) (version 26.8.1.1650 (official build)) (from 127.0.0.1:63962) (in query: CREATE TABLE cutpoint.should_not_exist (x UInt8) ENGINE = Memory), Stack trace (when copying this message, always include the lines below):

0. Poco::Exception::Exception(String&&, int) @ 0x00000001158e8e7c
1. DB::Exception::Exception(DB::Exception::MessageMasked&&, int, bool) @ 0x0000000105e38eb0
2. DB::Exception::Exception(String&&, int, String, bool) @ 0x0000000100527b98
3. DB::Exception::Exception(PreformattedMessage&&, int) @ 0x00000001005276ac
4. DB::Exception::Exception<String>(int, FormatStringHelperImpl<std::type_identity<String>::type>, String&&) @ 0x000000010052737c
5. auto bool DB::ContextAccess::checkAccessImplHelper<true, false, false, std::basic_string_view<char, std::char_traits<char>>, String>(std::shared_ptr<DB::Context const> const&, DB::AccessFlags, std::basic_string_view<char, std::char_traits<char>> const&, String const&) const::'lambda'<typename ...$T>(int, FormatStringHelperImpl<String, std::type_identity<$T>::type...>, $T&&...)::operator()<>(int, FormatStringHelperImpl<String, std::type_identity<$T>::type...>, $T&&...) const @ 0x000000010a60cf54
6. bool DB::ContextAccess::checkAccessImplHelper<true, false, false, std::basic_string_view<char, std::char_traits<char>>, String>(std::shared_ptr<DB::Context const> const&, DB::AccessFlags, std::basic_string_view<char, std::char_traits<char>> const&, String const&) const @ 0x000000010a60c874
7. bool DB::ContextAccess::checkAccessImplHelper<true, false, false>(std::shared_ptr<DB::Context const> const&, DB::AccessRightsElement const&) const @ 0x000000010a602140
8. DB::ContextAccess::checkAccess(std::shared_ptr<DB::Context const> const&, DB::AccessRightsElements const&) const @ 0x000000010a5f2c44
9. DB::Context::checkAccess(DB::AccessRightsElements const&) const @ 0x000000010b6404b4
10. DB::InterpreterCreateQuery::execute() @ 0x000000010b8725a8
11. DB::executeQueryImpl(char const*, char const*, std::shared_ptr<DB::Context>, DB::QueryFlags, DB::QueryProcessingStage::Enum, std::unique_ptr<DB::ReadBuffer, std::default_delete<DB::ReadBuffer>>&, boost::intrusive_ptr<DB::IAST>&, std::shared_ptr<DB::ImplicitTransactionControlExecutor>, std::function<void ()>, DB::QueryResultDetails&) @ 0x000000010bd6f2ec
12. DB::executeQuery(std::unique_ptr<DB::ReadBuffer, std::default_delete<DB::ReadBuffer>>, DB::WriteBuffer&, std::shared_ptr<DB::Context>, std::function<void (DB::QueryResultDetails const&)>, DB::QueryFlags, std::optional<DB::FormatSettings> const&, std::function<void (DB::IOutputFormat&, String const&, std::shared_ptr<DB::Context const> const&, std::optional<DB::FormatSettings> const&)>, std::function<void ()>, std::function<void ()>) @ 0x000000010bd73fb0
13. DB::HTTPHandler::processQuery(DB::HTTPServerRequest&, DB::HTMLForm&, DB::HTTPServerResponse&, DB::HTTPHandler::Output&, DB::QueryScope&, StrongTypedef<unsigned long, ProfileEvents::EventTag> const&) @ 0x000000010f5bf5e4
14. DB::HTTPHandler::handleRequest(DB::HTTPServerRequest&, DB::HTTPServerResponse&, StrongTypedef<unsigned long, ProfileEvents::EventTag> const&) @ 0x000000010f5c4a80
15. DB::HTTPServerConnection::run() @ 0x000000010f6aab7c
16. Poco::Net::TCPServerConnection::start() @ 0x0000000115963418
17. Poco::Net::TCPServerDispatcher::run() @ 0x0000000115963a38
18. Poco::PooledThread::run() @ 0x0000000115929358
19. Poco::ThreadImpl::runnableEntry(void*) @ 0x00000001159271a8
20. _pthread_start @ 0x00000001809f9c58
21. thread_start @ 0x00000001809f4c1c

2026.08.29 11:36:39.631253 [ 674911 ] {fc8432ee-cf97-472e-ab3d-2c04c73bb0ac} <Error> DynamicQueryHandler: Code: 164. DB::Exception: default: Cannot execute query in readonly mode. (READONLY), Stack trace (when copying this message, always include the lines below):

0. Poco::Exception::Exception(String&&, int) @ 0x00000001158e8e7c
1. DB::Exception::Exception(DB::Exception::MessageMasked&&, int, bool) @ 0x0000000105e38eb0
2. DB::Exception::Exception(String&&, int, String, bool) @ 0x0000000100527b98
3. DB::Exception::Exception(PreformattedMessage&&, int) @ 0x00000001005276ac
4. DB::Exception::Exception<String>(int, FormatStringHelperImpl<std::type_identity<String>::type>, String&&) @ 0x000000010052737c
5. auto bool DB::ContextAccess::checkAccessImplHelper<true, false, false, std::basic_string_view<char, std::char_traits<char>>, String>(std::shared_ptr<DB::Context const> const&, DB::AccessFlags, std::basic_string_view<char, std::char_traits<char>> const&, String const&) const::'lambda'<typename ...$T>(int, FormatStringHelperImpl<String, std::type_identity<$T>::type...>, $T&&...)::operator()<>(int, FormatStringHelperImpl<String, std::type_identity<$T>::type...>, $T&&...) const @ 0x000000010a60cf54
6. bool DB::ContextAccess::checkAccessImplHelper<true, false, false, std::basic_string_view<char, std::char_traits<char>>, String>(std::shared_ptr<DB::Context const> const&, DB::AccessFlags, std::basic_string_view<char, std::char_traits<char>> const&, String const&) const @ 0x000000010a60c874
7. bool DB::ContextAccess::checkAccessImplHelper<true, false, false>(std::shared_ptr<DB::Context const> const&, DB::AccessRightsElement const&) const @ 0x000000010a602140
8. DB::ContextAccess::checkAccess(std::shared_ptr<DB::Context const> const&, DB::AccessRightsElements const&) const @ 0x000000010a5f2c44
9. DB::Context::checkAccess(DB::AccessRightsElements const&) const @ 0x000000010b6404b4
10. DB::InterpreterCreateQuery::execute() @ 0x000000010b8725a8
11. DB::executeQueryImpl(char const*, char const*, std::shared_ptr<DB::Context>, DB::QueryFlags, DB::QueryProcessingStage::Enum, std::unique_ptr<DB::ReadBuffer, std::default_delete<DB::ReadBuffer>>&, boost::intrusive_ptr<DB::IAST>&, std::shared_ptr<DB::ImplicitTransactionControlExecutor>, std::function<void ()>, DB::QueryResultDetails&) @ 0x000000010bd6f2ec
12. DB::executeQuery(std::unique_ptr<DB::ReadBuffer, std::default_delete<DB::ReadBuffer>>, DB::WriteBuffer&, std::shared_ptr<DB::Context>, std::function<void (DB::QueryResultDetails const&)>, DB::QueryFlags, std::optional<DB::FormatSettings> const&, std::function<void (DB::IOutputFormat&, String const&, std::shared_ptr<DB::Context const> const&, std::optional<DB::FormatSettings> const&)>, std::function<void ()>, std::function<void ()>) @ 0x000000010bd73fb0
13. DB::HTTPHandler::processQuery(DB::HTTPServerRequest&, DB::HTMLForm&, DB::HTTPServerResponse&, DB::HTTPHandler::Output&, DB::QueryScope&, StrongTypedef<unsigned long, ProfileEvents::EventTag> const&) @ 0x000000010f5bf5e4
14. DB::HTTPHandler::handleRequest(DB::HTTPServerRequest&, DB::HTTPServerResponse&, StrongTypedef<unsigned long, ProfileEvents::EventTag> const&) @ 0x000000010f5c4a80
15. DB::HTTPServerConnection::run() @ 0x000000010f6aab7c
16. Poco::Net::TCPServerConnection::start() @ 0x0000000115963418
17. Poco::Net::TCPServerDispatcher::run() @ 0x0000000115963a38
18. Poco::PooledThread::run() @ 0x0000000115929358
19. Poco::ThreadImpl::runnableEntry(void*) @ 0x00000001159271a8
20. _pthread_start @ 0x00000001809f9c58
21. thread_start @ 0x00000001809f4c1c
 (version 26.8.1.1650 (official build))
